// Jest Snapshot v1, https://goo.gl/fbAQLP

exports[`store/actions #setPayment creates the correct action 1`] = `
Object {
  "paymentId": 0,
  "type": "order/SET_PAYMENT",
}
`;

exports[`store/actions #startTrip creates the correct action 1`] = `
Object {
  "type": "order/SUBMIT",
}
`;
